> Task :app:checkKotlinGradlePluginConfigurationErrors SKIPPED
> Task :app:preBuild UP-TO-DATE
> Task :app:preDebugBuild UP-TO-DATE
> Task :decoder_av1:preBuild UP-TO-DATE
> Task :decoder_av1:preDebugBuild UP-TO-DATE
> Task :decoder_av1:writeDebugAarMetadata UP-TO-DATE
> Task :app:checkDebugAarMetadata UP-TO-DATE
> Task :decoder_av1:processDebugNavigationResources UP-TO-DATE
> Task :app:processDebugNavigationResources UP-TO-DATE
> Task :app:compileDebugNavigationResources UP-TO-DATE
> Task :app:generateDebugResValues UP-TO-DATE
> Task :decoder_av1:generateDebugResValues UP-TO-DATE
> Task :decoder_av1:generateDebugResources UP-TO-DATE
> Task :decoder_av1:packageDebugResources UP-TO-DATE
> Task :app:mapDebugSourceSetPaths UP-TO-DATE
> Task :app:generateDebugResources UP-TO-DATE
> Task :app:mergeDebugResources UP-TO-DATE
> Task :app:packageDebugResources UP-TO-DATE
> Task :app:parseDebugLocalResources UP-TO-DATE
> Task :app:createDebugCompatibleScreenManifests UP-TO-DATE
> Task :app:extractDeepLinksDebug UP-TO-DATE
> Task :decoder_av1:extractDeepLinksDebug UP-TO-DATE
> Task :decoder_av1:processDebugManifest UP-TO-DATE
> Task :app:processDebugMainManifest UP-TO-DATE
> Task :app:processDebugManifest UP-TO-DATE
> Task :app:processDebugManifestForPackage UP-TO-DATE
> Task :decoder_av1:compileDebugLibraryResources UP-TO-DATE
> Task :decoder_av1:parseDebugLocalResources UP-TO-DATE
> Task :decoder_av1:generateDebugRFile UP-TO-DATE
> Task :app:processDebugResources UP-TO-DATE
> Task :decoder_av1:checkKotlinGradlePluginConfigurationErrors SKIPPED
> Task :decoder_av1:compileDebugKotlin NO-SOURCE
> Task :decoder_av1:javaPreCompileDebug UP-TO-DATE
> Task :decoder_av1:compileDebugJavaWithJavac UP-TO-DATE
> Task :decoder_av1:bundleLibCompileToJarDebug UP-TO-DATE
> Task :app:kaptGenerateStubsDebugKotlin UP-TO-DATE
> Task :app:kaptDebugKotlin UP-TO-DATE

> Task :app:compileDebugKotlin FAILED
31 actionable tasks: 1 executed, 30 up-to-date
