> Task :app:checkKotlinGradlePluginConfigurationErrors SKIPPED
> Task :app:preBuild UP-TO-DATE
> Task :app:preDebugBuild UP-TO-DATE
> Task :decoder_av1:preBuild UP-TO-DATE
> Task :decoder_av1:preDebugBuild UP-TO-DATE
> Task :decoder_av1:writeDebugAarMetadata UP-TO-DATE
> Task :app:checkDebugAarMetadata UP-TO-DATE
> Task :decoder_av1:processDebugNavigationResources UP-TO-DATE
> Task :app:processDebugNavigationResources UP-TO-DATE
> Task :app:compileDebugNavigationResources UP-TO-DATE
> Task :app:generateDebugResValues UP-TO-DATE
> Task :decoder_av1:generateDebugResValues UP-TO-DATE
> Task :decoder_av1:generateDebugResources UP-TO-DATE
> Task :decoder_av1:packageDebugResources UP-TO-DATE
> Task :app:mapDebugSourceSetPaths UP-TO-DATE
> Task :app:generateDebugResources UP-TO-DATE
> Task :app:mergeDebugResources UP-TO-DATE
> Task :app:packageDebugResources UP-TO-DATE
> Task :app:parseDebugLocalResources UP-TO-DATE
> Task :app:createDebugCompatibleScreenManifests UP-TO-DATE
> Task :app:extractDeepLinksDebug UP-TO-DATE
> Task :decoder_av1:extractDeepLinksDebug UP-TO-DATE
> Task :decoder_av1:processDebugManifest UP-TO-DATE
> Task :app:processDebugMainManifest UP-TO-DATE
> Task :app:processDebugManifest UP-TO-DATE
> Task :app:processDebugManifestForPackage UP-TO-DATE
> Task :decoder_av1:compileDebugLibraryResources UP-TO-DATE
> Task :decoder_av1:parseDebugLocalResources UP-TO-DATE
> Task :decoder_av1:generateDebugRFile UP-TO-DATE
> Task :app:processDebugResources UP-TO-DATE
> Task :decoder_av1:checkKotlinGradlePluginConfigurationErrors SKIPPED
> Task :decoder_av1:compileDebugKotlin NO-SOURCE
> Task :decoder_av1:javaPreCompileDebug UP-TO-DATE
> Task :decoder_av1:compileDebugJavaWithJavac UP-TO-DATE
> Task :decoder_av1:bundleLibCompileToJarDebug UP-TO-DATE
> Task :app:kaptGenerateStubsDebugKotlin UP-TO-DATE
> Task :app:kaptDebugKotlin UP-TO-DATE

> Task :app:compileDebugKotlin FAILED
e: file:///C:/Users/flex360/AndroidStudioProjects/elefin/app/src/main/java/com/flex/elefin/screens/SettingsScreen.kt:1795:30 Unresolved reference 'heightIn'.

FAILURE: Build failed with an exception.

* What went wrong:
Execution failed for task ':app:compileDebugKotlin'.
> A failure occurred while executing org.jetbrains.kotlin.compilerRunner.GradleCompilerRunnerWithWorkers$GradleKotlinCompilerWorkAction
   > Compilation error. See log for more details

* Try:
> Run with --stacktrace option to get the stack trace.
> Run with --info or --debug option to get more log output.
> Run with --scan to get full insights.
> Get more help at https://help.gradle.org.

BUILD FAILED in 7s
31 actionable tasks: 1 executed, 30 up-to-date
